init done.
AddArtist: SUCCESS
AddArtist: INVALID_INPUT
AddArtist: INVALID_INPUT
AddArtist: INVALID_INPUT
AddArtist: INVALID_INPUT
AddArtist: INVALID_INPUT
AddArtist: INVALID_INPUT
AddArtist: INVALID_INPUT
AddArtist: INVALID_INPUT
AddArtist: SUCCESS
AddArtist: SUCCESS
AddArtist: INVALID_INPUT
AddArtist: INVALID_INPUT
AddArtist: SUCCESS
AddArtist: INVALID_INPUT
AddArtist: INVALID_INPUT
AddArtist: INVALID_INPUT
AddArtist: INVALID_INPUT
AddArtist: SUCCESS
AddArtist: INVALID_INPUT
AddArtist: INVALID_INPUT
AddArtist: SUCCESS
AddArtist: SUCCESS
AddArtist: INVALID_INPUT
AddArtist: SUCCESS
AddArtist: INVALID_INPUT
AddArtist: SUCCESS
AddArtist: INVALID_INPUT
AddArtist: INVALID_INPUT
AddArtist: INVALID_INPUT
AddArtist: INVALID_INPUT
AddArtist: INVALID_INPUT
AddArtist: SUCCESS
AddArtist: SUCCESS
AddArtist: INVALID_INPUT
AddArtist: INVALID_INPUT
AddArtist: INVALID_INPUT
AddArtist: INVALID_INPUT
AddArtist: INVALID_INPUT
AddArtist: INVALID_INPUT
AddArtist: SUCCESS
AddArtist: SUCCESS
AddArtist: INVALID_INPUT
AddArtist: INVALID_INPUT
AddArtist: SUCCESS
AddArtist: INVALID_INPUT
AddArtist: INVALID_INPUT
AddArtist: SUCCESS
AddArtist: INVALID_INPUT
AddArtist: SUCCESS
AddArtist: INVALID_INPUT
AddArtist: INVALID_INPUT
AddArtist: INVALID_INPUT
AddArtist: SUCCESS
AddArtist: SUCCESS
AddArtist: INVALID_INPUT
AddArtist: SUCCESS
AddArtist: INVALID_INPUT
AddArtist: INVALID_INPUT
AddArtist: INVALID_INPUT
AddArtist: SUCCESS
AddArtist: INVALID_INPUT
AddArtist: SUCCESS
AddArtist: INVALID_INPUT
AddArtist: INVALID_INPUT
AddArtist: INVALID_INPUT
AddArtist: INVALID_INPUT
AddArtist: SUCCESS
AddArtist: INVALID_INPUT
AddArtist: INVALID_INPUT
AddArtist: SUCCESS
AddArtist: INVALID_INPUT
AddArtist: INVALID_INPUT
AddArtist: INVALID_INPUT
AddArtist: SUCCESS
AddArtist: INVALID_INPUT
AddArtist: INVALID_INPUT
AddArtist: INVALID_INPUT
AddArtist: INVALID_INPUT
AddArtist: INVALID_INPUT
AddArtist: INVALID_INPUT
AddArtist: INVALID_INPUT
AddArtist: INVALID_INPUT
AddArtist: INVALID_INPUT
AddArtist: INVALID_INPUT
AddArtist: INVALID_INPUT
AddArtist: INVALID_INPUT
AddArtist: INVALID_INPUT
AddArtist: INVALID_INPUT
AddArtist: INVALID_INPUT
AddArtist: INVALID_INPUT
AddArtist: INVALID_INPUT
AddArtist: INVALID_INPUT
AddArtist: SUCCESS
AddArtist: INVALID_INPUT
AddArtist: INVALID_INPUT
AddArtist: INVALID_INPUT
AddArtist: INVALID_INPUT
AddArtist: INVALID_INPUT
AddArtist: INVALID_INPUT
RemoveArtist: SUCCESS
RemoveArtist: FAILURE
RemoveArtist: INVALID_INPUT
RemoveArtist: INVALID_INPUT
RemoveArtist: INVALID_INPUT
RemoveArtist: INVALID_INPUT
RemoveArtist: INVALID_INPUT
RemoveArtist: INVALID_INPUT
RemoveArtist: INVALID_INPUT
RemoveArtist: SUCCESS
RemoveArtist: SUCCESS
RemoveArtist: FAILURE
RemoveArtist: INVALID_INPUT
RemoveArtist: SUCCESS
RemoveArtist: INVALID_INPUT
RemoveArtist: FAILURE
RemoveArtist: INVALID_INPUT
RemoveArtist: INVALID_INPUT
RemoveArtist: SUCCESS
RemoveArtist: FAILURE
RemoveArtist: INVALID_INPUT
RemoveArtist: SUCCESS
RemoveArtist: SUCCESS
RemoveArtist: FAILURE
RemoveArtist: SUCCESS
RemoveArtist: INVALID_INPUT
RemoveArtist: SUCCESS
RemoveArtist: INVALID_INPUT
RemoveArtist: INVALID_INPUT
RemoveArtist: INVALID_INPUT
RemoveArtist: INVALID_INPUT
RemoveArtist: INVALID_INPUT
RemoveArtist: SUCCESS
RemoveArtist: SUCCESS
RemoveArtist: FAILURE
RemoveArtist: INVALID_INPUT
RemoveArtist: INVALID_INPUT
RemoveArtist: INVALID_INPUT
RemoveArtist: FAILURE
RemoveArtist: FAILURE
RemoveArtist: SUCCESS
RemoveArtist: SUCCESS
RemoveArtist: INVALID_INPUT
RemoveArtist: FAILURE
RemoveArtist: SUCCESS
RemoveArtist: FAILURE
RemoveArtist: INVALID_INPUT
RemoveArtist: SUCCESS
RemoveArtist: INVALID_INPUT
RemoveArtist: SUCCESS
RemoveArtist: INVALID_INPUT
RemoveArtist: INVALID_INPUT
RemoveArtist: INVALID_INPUT
RemoveArtist: SUCCESS
RemoveArtist: SUCCESS
RemoveArtist: FAILURE
RemoveArtist: SUCCESS
RemoveArtist: FAILURE
RemoveArtist: INVALID_INPUT
RemoveArtist: FAILURE
RemoveArtist: SUCCESS
RemoveArtist: FAILURE
RemoveArtist: SUCCESS
RemoveArtist: INVALID_INPUT
RemoveArtist: INVALID_INPUT
RemoveArtist: INVALID_INPUT
RemoveArtist: INVALID_INPUT
RemoveArtist: SUCCESS
RemoveArtist: INVALID_INPUT
RemoveArtist: INVALID_INPUT
RemoveArtist: SUCCESS
RemoveArtist: INVALID_INPUT
RemoveArtist: INVALID_INPUT
RemoveArtist: INVALID_INPUT
RemoveArtist: SUCCESS
RemoveArtist: INVALID_INPUT
RemoveArtist: FAILURE
RemoveArtist: FAILURE
RemoveArtist: FAILURE
RemoveArtist: FAILURE
RemoveArtist: INVALID_INPUT
RemoveArtist: INVALID_INPUT
RemoveArtist: INVALID_INPUT
RemoveArtist: FAILURE
RemoveArtist: FAILURE
RemoveArtist: INVALID_INPUT
RemoveArtist: INVALID_INPUT
RemoveArtist: INVALID_INPUT
RemoveArtist: INVALID_INPUT
RemoveArtist: FAILURE
RemoveArtist: FAILURE
RemoveArtist: FAILURE
RemoveArtist: INVALID_INPUT
RemoveArtist: SUCCESS
RemoveArtist: INVALID_INPUT
RemoveArtist: FAILURE
RemoveArtist: INVALID_INPUT
RemoveArtist: INVALID_INPUT
RemoveArtist: INVALID_INPUT
RemoveArtist: INVALID_INPUT
quit done.
